// Jest Snapshot v1, https://goo.gl/fbAQLP

exports[`SlideNumber should render 1`] = `
<p
  className="css-1r4s34n"
/>
`;
